




















Purebred: Item 0 of 0
tag:foo
