 MAILER-DAEMON@u  Undelivered Mail Returned to Senderinbo
Purebred: Item 0 of 45
tag:inbox
